GDTEST_ANALYZER_ERROR
Native class "CanvasItem" cannot be constructed as it is abstract.
