GDTEST_OK
String matched StringName
StringName matched String
