GDTEST_OK
shorthand <null>
call <null>
shorthand_with_cast <null>
call_with_cast <null>
