GDTEST_PARSER_ERROR
Only one underscore can be used as a numeric separator.
